Using a slow image processor as `use_fast` is unset and a slow processor was saved with this model. `use_fast=True` will be the default behavior in v4.52, even if the model was saved with a slow processor. This will result in minor differences in outputs. You'll still be able to use a slow processor with `use_fast=False`.
Some weights of the model checkpoint at facebook/detr-resnet-50 were not used when initializing DetrForObjectDetection: ['model.backbone.conv_encoder.model.layer1.0.downsample.1.num_batches_tracked', 'model.backbone.conv_encoder.model.layer2.0.downsample.1.num_batches_tracked', 'model.backbone.conv_encoder.model.layer3.0.downsample.1.num_batches_tracked', 'model.backbone.conv_encoder.model.layer4.0.downsample.1.num_batches_tracked']
- This IS expected if you are initializing DetrForObjectDetection from the checkpoint of a model trained on another task or with another architecture (e.g. initializing a BertForSequenceClassification model from a BertForPreTraining model).
- This IS NOT expected if you are initializing DetrForObjectDetection from the checkpoint of a model that you expect to be exactly identical (initializing a BertForSequenceClassification model from a BertForSequenceClassification model).
  qui-gon@005      face conf 1.0
  qui-gon@022      face conf 0.997
  qui-gon@023      face conf 1.0
  qui-gon@024      face conf 1.0
  obi-wan@028      face conf 1.0

ANCHORS -- the scale, from real film
------------------------------------
   identity    look  kind       pair
     0.1880  0.1181  within     qui-gon@022 / qui-gon@023   same actor, same continuous shot
     0.3644  0.5251  floor      qui-gon@005 / qui-gon@024   same actor, medium-close -> close-up, warm -> red
     0.3535  0.4994  floor      qui-gon@005 / qui-gon@023   same actor, medium-close -> medium
     0.2810  0.5923  floor      qui-gon@023 / qui-gon@024   same actor, medium -> close-up
     0.7327  0.2780  hard-ceil  qui-gon@023 / obi-wan@028   different actor, same robes, same corridor, same light
     0.6246  0.7490  hard-ceil  qui-gon@024 / obi-wan@028   different actor, same robes, different framing

  identity floor (same actor, real cut)      0.3644
  identity ceiling (same robes, diff actor)  0.6246
  separation                                 +0.2602
  look floor (same scene across a real cut)  0.5923
