Using a slow image processor as `use_fast` is unset and a slow processor was saved with this model. `use_fast=True` will be the default behavior in v4.52, even if the model was saved with a slow processor. This will result in minor differences in outputs. You'll still be able to use a slow processor with `use_fast=False`.
Some weights of the model checkpoint at facebook/detr-resnet-50 were not used when initializing DetrForObjectDetection: ['model.backbone.conv_encoder.model.layer1.0.downsample.1.num_batches_tracked', 'model.backbone.conv_encoder.model.layer2.0.downsample.1.num_batches_tracked', 'model.backbone.conv_encoder.model.layer3.0.downsample.1.num_batches_tracked', 'model.backbone.conv_encoder.model.layer4.0.downsample.1.num_batches_tracked']
- This IS expected if you are initializing DetrForObjectDetection from the checkpoint of a model trained on another task or with another architecture (e.g. initializing a BertForSequenceClassification model from a BertForPreTraining model).
- This IS NOT expected if you are initializing DetrForObjectDetection from the checkpoint of a model that you expect to be exactly identical (initializing a BertForSequenceClassification model from a BertForSequenceClassification model).
  qui-gon@005      face conf 1.0
  qui-gon@022      face conf 0.997
  qui-gon@023      face conf 1.0
  qui-gon@024      face conf 1.0
  obi-wan@028      face conf 1.0

ANCHORS -- the scale, from real film
------------------------------------
   identity    look  kind       pair
     0.1880  0.1181  within     qui-gon@022 / qui-gon@023   same actor, same continuous shot
     0.3644  0.5251  floor      qui-gon@005 / qui-gon@024   same actor, medium-close -> close-up, warm -> red
     0.3535  0.4994  floor      qui-gon@005 / qui-gon@023   same actor, medium-close -> medium
     0.2810  0.5923  floor      qui-gon@023 / qui-gon@024   same actor, medium -> close-up
     0.7327  0.2780  hard-ceil  qui-gon@023 / obi-wan@028   different actor, same robes, same corridor, same light
     0.6246  0.7490  hard-ceil  qui-gon@024 / obi-wan@028   different actor, same robes, different framing

  identity within-shot (one continuous take) 0.188
  identity floor (same actor, real cut)      0.3644
  identity ceiling (same robes, diff actor)  0.6246
  separation                                 +0.2602
  look floor (same scene across a real cut)  0.5923

  01-turn_a-first          face conf 1.0
  01-turn_b-mid            face conf 0.994
  01-turn_c-last           face conf NONE
  02-walk_a-first          face conf NONE
  02-walk_b-mid            face conf 1.0
  02-walk_c-last           face conf NONE
  03-look_a-first          face conf 0.862
  03-look_b-mid            face conf 1.0
  03-look_c-last           face conf 1.0

LANE -- chain
-------------
   identity    look  kind       pair
     0.5112  0.2225  test       01-turn_a-first / 01-turn_b-mid
     no face  0.4274  test       01-turn_a-first / 01-turn_c-last
     no face  0.4627  test       01-turn_a-first / 02-walk_a-first
     0.5918  0.2362  test       01-turn_a-first / 02-walk_b-mid
     no face  0.9267  test       01-turn_a-first / 02-walk_c-last
     1.0068  0.9008  test       01-turn_a-first / 03-look_a-first
     0.6187  0.3597  test       01-turn_a-first / 03-look_b-mid
     0.6262  0.3989  test       01-turn_a-first / 03-look_c-last
     no face  0.1979  test       01-turn_b-mid / 01-turn_c-last
     no face  0.2246  test       01-turn_b-mid / 02-walk_a-first
     0.5603  0.3981  test       01-turn_b-mid / 02-walk_b-mid
     no face  0.9241  test       01-turn_b-mid / 02-walk_c-last
     0.9148  0.8842  test       01-turn_b-mid / 03-look_a-first
     0.5077  0.5233  test       01-turn_b-mid / 03-look_b-mid
     0.5883  0.5890  test       01-turn_b-mid / 03-look_c-last
     no face  0.0390  test       01-turn_c-last / 02-walk_a-first
     no face  0.4414  test       01-turn_c-last / 02-walk_b-mid
     no face  0.9350  test       01-turn_c-last / 02-walk_c-last
     no face  0.8877  test       01-turn_c-last / 03-look_a-first
     no face  0.6326  test       01-turn_c-last / 03-look_b-mid
     no face  0.6453  test       01-turn_c-last / 03-look_c-last
     no face  0.4753  test       02-walk_a-first / 02-walk_b-mid
     no face  0.9271  test       02-walk_a-first / 02-walk_c-last
     no face  0.8765  test       02-walk_a-first / 03-look_a-first
     no face  0.6394  test       02-walk_a-first / 03-look_b-mid
     no face  0.6731  test       02-walk_a-first / 03-look_c-last
     no face  0.9271  test       02-walk_b-mid / 02-walk_c-last
     0.8341  0.8829  test       02-walk_b-mid / 03-look_a-first
     0.1708  0.3550  test       02-walk_b-mid / 03-look_b-mid
     0.1851  0.3143  test       02-walk_b-mid / 03-look_c-last
     no face  0.1274  test       02-walk_c-last / 03-look_a-first
     no face  0.8791  test       02-walk_c-last / 03-look_b-mid
     no face  0.9071  test       02-walk_c-last / 03-look_c-last
     0.9468  0.8498  test       03-look_a-first / 03-look_b-mid
     0.9172  0.8949  test       03-look_a-first / 03-look_c-last
     0.0487  0.1516  test       03-look_b-mid / 03-look_c-last

  01-turn_a-first / 01-turn_b-mid: same person, looser than real film; world holds
  01-turn_a-first / 01-turn_c-last: unscored (no face detected)
  01-turn_a-first / 02-walk_a-first: unscored (no face detected)
  01-turn_a-first / 02-walk_b-mid: same person, looser than real film; world holds
  01-turn_a-first / 02-walk_c-last: unscored (no face detected)
  01-turn_a-first / 03-look_a-first: READS AS A DIFFERENT PERSON; world drifts
  01-turn_a-first / 03-look_b-mid: same person, looser than real film; world holds
  01-turn_a-first / 03-look_c-last: READS AS A DIFFERENT PERSON; world holds
  01-turn_b-mid / 01-turn_c-last: unscored (no face detected)
  01-turn_b-mid / 02-walk_a-first: unscored (no face detected)
  01-turn_b-mid / 02-walk_b-mid: same person, looser than real film; world holds
  01-turn_b-mid / 02-walk_c-last: unscored (no face detected)
  01-turn_b-mid / 03-look_a-first: READS AS A DIFFERENT PERSON; world drifts
  01-turn_b-mid / 03-look_b-mid: same person, looser than real film; world holds
  01-turn_b-mid / 03-look_c-last: same person, looser than real film; world holds
  01-turn_c-last / 02-walk_a-first: unscored (no face detected)
  01-turn_c-last / 02-walk_b-mid: unscored (no face detected)
  01-turn_c-last / 02-walk_c-last: unscored (no face detected)
  01-turn_c-last / 03-look_a-first: unscored (no face detected)
  01-turn_c-last / 03-look_b-mid: unscored (no face detected)
  01-turn_c-last / 03-look_c-last: unscored (no face detected)
  02-walk_a-first / 02-walk_b-mid: unscored (no face detected)
  02-walk_a-first / 02-walk_c-last: unscored (no face detected)
  02-walk_a-first / 03-look_a-first: unscored (no face detected)
  02-walk_a-first / 03-look_b-mid: unscored (no face detected)
  02-walk_a-first / 03-look_c-last: unscored (no face detected)
  02-walk_b-mid / 02-walk_c-last: unscored (no face detected)
  02-walk_b-mid / 03-look_a-first: READS AS A DIFFERENT PERSON; world drifts
  02-walk_b-mid / 03-look_b-mid: as tight as one continuous take; world holds
  02-walk_b-mid / 03-look_c-last: as tight as one continuous take; world holds
  02-walk_c-last / 03-look_a-first: unscored (no face detected)
  02-walk_c-last / 03-look_b-mid: unscored (no face detected)
  02-walk_c-last / 03-look_c-last: unscored (no face detected)
  03-look_a-first / 03-look_b-mid: READS AS A DIFFERENT PERSON; world drifts
  03-look_a-first / 03-look_c-last: READS AS A DIFFERENT PERSON; world drifts
  03-look_b-mid / 03-look_c-last: as tight as one continuous take; world holds

  worst identity pair 1.0068   -> READS AS A DIFFERENT PERSON; world drifts
  21 of 36 pairs unscored -- no face detected
