· goto /projects/new
· click "deck-card-educational"
· click {"role":"button","name":{}}
· click "deck-card-mid-educational-video"
· click {"role":"button","name":{}}
ok   style stage offers presets for educational — presets=6 borrowed=false
· click "deck-card-preset:paper-relief"
· click {"role":"button","name":{}}
· fill {"css":"#w-title"} ← "Why is the sky blue at noon and red at night"
· fill {"css":"#w-dur"} ← "240"
· snap 01-wizard-name-stage
· click {"role":"button","name":{}}
ok   studio headline is the name typed — Why is the sky blue at noon and red at night
FAIL header pill states discipline · template · runtime
· recorded p-mtok07jy-7o79vy → uat/runs/2026-09-05-compose/created.json
· goto /studio/p-mtok07jy-7o79vy?step=research
ok   a fresh project's topic field is empty — ""
ok   the stand-in is disclosed BEFORE the run
· fill {"label":"Topic"} ← "Why is the sky blue at noon and red at night"
· click "run-research"
ok   after the run the note names the stand-in against the typed topic — prototype · this notebook is the saved 2026-08-11 Bitcoin run, not research on “Why is the sky blue at noon and red at n
· snap 02-research-landed
· click {"role":"button","name":{}}
ok   the steel-man card says it always travels and why — STEEL-MAN The forced-seller story is weaker than it looks, and the accumulation story is real locked in scope — always travels The steel-man
ok   the hottest take is labelled speculation and not taken by default — 😈 HOTTEST TAKE The Strategic Bitcoin Reserve was never meant to be built not taken risk — speculation about motive — no
· snap 03-guided-takes
· click {"role":"button","name":{}}
· click {"role":"button","name":{}}
· click "confirm-scope"
ok   scope confirmed
· snap 04-guided-review
· click {"role":"button","name":{}}
ok   240s mismatch stated on Script — this project asked for Mid-length educational · 240s — the three renders below were cut for the fixture’s own runtimes (0:45–5:00) and your clock is not read here yet
· click "view-coverage"
ok   Coverage reflects the hottest take as not taken / out of scope — Out of scope. Click to bring it back.
· snap 05-hana-coverage
· click "view-candidates"
· click "duel-more-adjudication"
· click "duel-beats-adjudication"
ok   beat text readable before adoption
· click "deck-card-adjudication"
ok   adopted
· goto /projects
ok   shelf research moved — Research — locked · open here
