· goto /projects/new
ok   a disabled Next says what unlocks it
· goto /projects/new
· click "deck-card-educational"
· click {"role":"button","name":{}}
· click "deck-card-short-educational-video"
· click {"role":"button","name":{}}
ok   style stage offers presets for educational — presets=6 borrowed=false
· click "deck-card-preset:newsprint-cutout"
· click {"role":"button","name":{}}
· fill {"css":"#w-title"} ← "Suez in two minutes"
· fill {"css":"#w-dur"} ← "120"
· snap 01-wizard-name-stage
· click {"role":"button","name":{}}
ok   studio headline is the name typed — Suez in two minutes
FAIL header pill states discipline · template · runtime
· recorded p-mtojwryg-76tcl4 → uat/runs/2026-09-05-compose/created.json
· goto /studio/p-mtojwryg-76tcl4?step=research
ok   a fresh project's topic field is empty — ""
ok   the stand-in is disclosed BEFORE the run
· fill {"label":"Topic"} ← "How the Suez crisis actually ended"
· click "run-research"
ok   after the run the note names the stand-in against the typed topic — prototype · this notebook is the saved 2026-08-11 Bitcoin run, not research on “How the Suez crisis actually ended” — ev
· snap 02-research-landed
· click {"role":"button","name":{}}
ok   the steel-man card says it always travels and why — STEEL-MAN The forced-seller story is weaker than it looks, and the accumulation story is real locked in scope — always travels The steel-man
ok   the hottest take is labelled speculation and not taken by default — 😈 HOTTEST TAKE The Strategic Bitcoin Reserve was never meant to be built not taken risk — speculation about motive — no
· snap 03-guided-takes
· click {"role":"button","name":{}}
· click {"role":"button","name":{}}
· click "confirm-scope"
ok   scope confirmed
· snap 04-guided-review
· click {"role":"button","name":{}}
ok   candidates shown
ok   the 120s vs fixture mismatch is STATED on Script — this project asked for Short educational · 120s — the three renders below were cut for the fixture’s own runtimes (0:45–5:00) and your clock is not read here yet
ok   the note names his template and runtime — this project asked for Short educational · 120s — the three renders below were cut for the fixture’s own runtimes (0:45–5:00) and your clock is not read here yet
· snap 05-script-runtime-note
FAIL disabled Recalibrate carries a reason (observe) — null
· click "deck-card-derived-short"
ok   adopted the short candidate
· goto /projects
ok   shelf research cell moved — Research — locked · open here
ok   shelf script cell moved — Script — in progress · open here
