· goto /projects/new
· click "deck-card-educational"
· click {"role":"button","name":{}}
· click "deck-card-short-educational-video"
· click {"role":"button","name":{}}
ok   style stage offers presets for educational — presets=6 borrowed=false
· click "deck-card-preset:blueprint"
· click {"role":"button","name":{}}
· fill {"css":"#w-title"} ← "Module 7 — phishing in two minutes"
· fill {"css":"#w-dur"} ← "120"
· snap 01-wizard-name-stage
· click {"role":"button","name":{}}
ok   studio headline is the name typed — Module 7 — phishing in two minutes
ok   header pill states discipline · template · runtime
· recorded p-mtokidjw-ri3i7v → uat/runs/2026-09-05-compose/created.json
· goto /studio/p-mtokidjw-ri3i7v?step=research
ok   a fresh project's topic field is empty — ""
ok   the stand-in is disclosed BEFORE the run
· fill {"label":"Topic"} ← "How phishing emails get past a careful reader"
· click "run-research"
ok   after the run the note names the stand-in against the typed topic — prototype · this notebook is the saved 2026-08-11 Bitcoin run, not research on “How phishing emails get past a careful r
· snap 02-research-landed
· click {"role":"button","name":{}}
ok   the steel-man card says it always travels and why — STEEL-MAN The forced-seller story is weaker than it looks, and the accumulation story is real locked in scope — always travels The steel-man
ok   the hottest take is labelled speculation and not taken by default — 😈 HOTTEST TAKE The Strategic Bitcoin Reserve was never meant to be built not taken risk — speculation about motive — no
· snap 03-guided-takes
· click {"role":"button","name":{}}
· click {"role":"button","name":{}}
· click "confirm-scope"
ok   scope confirmed
· snap 04-guided-review
· click {"role":"button","name":{}}
· goto /studio/p-mtokidjw-ri3i7v?step=research
ok   return visit reopens on the expert face (DA-L1-11 — observe)
ok   expert board mounted
· click "tab-board"
· click "scope-toggle-f-ath"
ok   drift is reported after a cut past the checkpoint — moved · f-ath
· snap 05-priyanka-drift
ok   research progress reads 'review' (needs a call) on drift — {"research":"review","script":"empty","frames":"empty","score":"empty","cut":"empty"}
· click "confirm-scope"
· goto /studio/p-mtokidjw-ri3i7v?step=script
· click "view-coverage"
ok   a cut card is drawn cut in Coverage (PR-L1-2: observe seconds still shown) — usage=spoken text=12s
FAIL evidence log reachable from Script (PR-L1-3, expect absent)
· snap 06-priyanka-coverage
